Starting CAP Project Generator...
Using @sap/cds-dk [9.9.1] from /extbin/globals/bun/global/install/node_modules/@sap/cds-dk
Using @sap/generator-cap-project [2.0.6] from [/extbin/globals/bun/global/install/node_modules/@sap/generator-cap-project]
Using root path [/home/user/projects]

Creating project with approuter, mta, nodejs, postgres, sample, xsuaa

Adding facet: nodejs
Adding facet: mta
Adding facet: sample
Adding facet: xsuaa
Adding facet: postgres
Adding facet: approuter

Successfully initialized CAP project
Continue with: code enterprisepilot-ai 


Installing dependencies...

added 270 packages, and audited 271 packages in 5s

38 packages are looking for funding
  run `npm fund` for details

found 0 vulnerabilities

Finished installing dependencies

Done setting up project enterprisepilot-ai
Project is ready to use

